// Jest Snapshot v1, https://goo.gl/fbAQLP

exports[`<Navbar /> component Unit Test should render 1 <Navbar /> component 1`] = `
<nav
  class="Navbarstyle__NavbarContainer-sc-151odup-0 ikyQcA"
>
  <ul
    class="menu"
    data-testid="menu"
  >
    <li
      class="logo"
    >
      <a
        href="/"
      >
        BlogApp
      </a>
    </li>
    <li
      class="item"
    >
      <a
        href="/blog"
      >
        Blog
      </a>
    </li>
    <li
      class="theme-toggle"
    >
      <button
        aria-label="Toggle dark mode"
        class="ThemeSwitcherstyle__ThemeSwitcherButton-sc-1ygfhkk-0 WaSyQ"
        type="button"
      >
        <svg
          aria-hidden="true"
          class="svg-inline--fa fa-moon fa-w-16 "
          data-icon="moon"
          data-prefix="fas"
          focusable="false"
          role="img"
          viewBox="0 0 512 512"
          xmlns="http://www.w3.org/2000/svg"
        >
          <path
            d="M283.211 512c78.962 0 151.079-35.925 198.857-94.792 7.068-8.708-.639-21.43-11.562-19.35-124.203 23.654-238.262-71.576-238.262-196.954 0-72.222 38.662-138.635 101.498-174.394 9.686-5.512 7.25-20.197-3.756-22.23A258.156 258.156 0 0 0 283.211 0c-141.309 0-256 114.511-256 256 0 141.309 114.511 256 256 256z"
            fill="currentColor"
          />
        </svg>
      </button>
    </li>
    <li
      class="toggle"
      data-testid="menu-btn"
    >
      <button
        aria-label="Toggle dark mode"
        class="ThemeSwitcherstyle__ThemeSwitcherButton-sc-1ygfhkk-0 WaSyQ"
        type="button"
      >
        <svg
          aria-hidden="true"
          class="svg-inline--fa fa-moon fa-w-16 "
          data-icon="moon"
          data-prefix="fas"
          focusable="false"
          role="img"
          viewBox="0 0 512 512"
          xmlns="http://www.w3.org/2000/svg"
        >
          <path
            d="M283.211 512c78.962 0 151.079-35.925 198.857-94.792 7.068-8.708-.639-21.43-11.562-19.35-124.203 23.654-238.262-71.576-238.262-196.954 0-72.222 38.662-138.635 101.498-174.394 9.686-5.512 7.25-20.197-3.756-22.23A258.156 258.156 0 0 0 283.211 0c-141.309 0-256 114.511-256 256 0 141.309 114.511 256 256 256z"
            fill="currentColor"
          />
        </svg>
      </button>
      <a
        aria-label="Click to open mobile menu"
        data-testid="mobile-menu-btn"
        role="button"
        tabindex="0"
      >
        <svg
          aria-hidden="true"
          class="svg-inline--fa fa-bars fa-w-14 "
          data-icon="bars"
          data-prefix="fas"
          focusable="false"
          role="img"
          viewBox="0 0 448 512"
          xmlns="http://www.w3.org/2000/svg"
        >
          <path
            d="M16 132h416c8.837 0 16-7.163 16-16V76c0-8.837-7.163-16-16-16H16C7.163 60 0 67.163 0 76v40c0 8.837 7.163 16 16 16zm0 160h416c8.837 0 16-7.163 16-16v-40c0-8.837-7.163-16-16-16H16c-8.837 0-16 7.163-16 16v40c0 8.837 7.163 16 16 16zm0 160h416c8.837 0 16-7.163 16-16v-40c0-8.837-7.163-16-16-16H16c-8.837 0-16 7.163-16 16v40c0 8.837 7.163 16 16 16z"
            fill="currentColor"
          />
        </svg>
      </a>
    </li>
  </ul>
</nav>
`;
